// Jest Snapshot v1, https://goo.gl/fbAQLP

exports[`FactorioEcsFargateServerInfrastructureStack Synths Stack 1`] = `
{
  "Resources": {
    "RoleVpcFlowLogs39EA31E3": {
      "Properties": {
        "AssumeRolePolicyDocument": {
          "Statement": [
            {
              "Action": "sts:AssumeRole",
              "Effect": "Allow",
              "Principal": {
                "Service": "vpc-flow-logs.amazonaws.com",
              },
            },
          ],
          "Version": "2012-10-17",
        },
        "ManagedPolicyArns": [
          {
            "Fn::Join": [
              "",
              [
                "arn:",
                {
                  "Ref": "AWS::Partition",
                },
                ":iam::aws:policy/CloudWatchFullAccess",
              ],
            ],
          },
        ],
      },
      "Type": "AWS::IAM::Role",
    },
    "RoleVpcFlowLogsDefaultPolicy18B07DEA": {
      "Properties": {
        "PolicyDocument": {
          "Statement": [
            {
              "Action": [
                "logs:CreateLogStream",
                "logs:PutLogEvents",
                "logs:DescribeLogStreams",
              ],
              "Effect": "Allow",
              "Resource": {
                "Fn::GetAtt": [
                  "VpcFlowLogGroup86559C69",
                  "Arn",
                ],
              },
            },
            {
              "Action": "iam:PassRole",
              "Effect": "Allow",
              "Resource": {
                "Fn::GetAtt": [
                  "RoleVpcFlowLogs39EA31E3",
                  "Arn",
                ],
              },
            },
          ],
          "Version": "2012-10-17",
        },
        "PolicyName": "RoleVpcFlowLogsDefaultPolicy18B07DEA",
        "Roles": [
          {
            "Ref": "RoleVpcFlowLogs39EA31E3",
          },
        ],
      },
      "Type": "AWS::IAM::Policy",
    },
    "Vpc8378EB38": {
      "Properties": {
        "CidrBlock": "10.30.15.0/24",
        "EnableDnsHostnames": true,
        "EnableDnsSupport": true,
        "InstanceTenancy": "default",
        "Tags": [
          {
            "Key": "Name",
            "Value": "factorio-ecs-fargate-server-vpc",
          },
        ],
      },
      "Type": "AWS::EC2::VPC",
    },
    "VpcFlowLogF72230C7": {
      "Properties": {
        "DeliverLogsPermissionArn": {
          "Fn::GetAtt": [
            "RoleVpcFlowLogs39EA31E3",
            "Arn",
          ],
        },
        "LogDestinationType": "cloud-watch-logs",
        "LogGroupName": {
          "Ref": "VpcFlowLogGroup86559C69",
        },
        "ResourceId": {
          "Ref": "Vpc8378EB38",
        },
        "ResourceType": "VPC",
        "Tags": [
          {
            "Key": "Name",
            "Value": "MyTestStack/VpcFlowLog",
          },
        ],
        "TrafficType": "ALL",
      },
      "Type": "AWS::EC2::FlowLog",
    },
    "VpcFlowLogGroup86559C69": {
      "DeletionPolicy": "Delete",
      "Properties": {
        "RetentionInDays": 30,
      },
      "Type": "AWS::Logs::LogGroup",
      "UpdateReplacePolicy": "Delete",
    },
    "VpcFlowLogStream8BF1BE52": {
      "DeletionPolicy": "Delete",
      "Properties": {
        "LogGroupName": {
          "Ref": "VpcFlowLogGroup86559C69",
        },
      },
      "Type": "AWS::Logs::LogStream",
      "UpdateReplacePolicy": "Delete",
    },
    "VpcIGWD7BA715C": {
      "Properties": {
        "Tags": [
          {
            "Key": "Name",
            "Value": "factorio-ecs-fargate-server-vpc",
          },
        ],
      },
      "Type": "AWS::EC2::InternetGateway",
    },
    "VpcPublicSubnet1DefaultRoute3DA9E72A": {
      "DependsOn": [
        "VpcVPCGWBF912B6E",
      ],
      "Properties": {
        "DestinationCidrBlock": "0.0.0.0/0",
        "GatewayId": {
          "Ref": "VpcIGWD7BA715C",
        },
        "RouteTableId": {
          "Ref": "VpcPublicSubnet1RouteTable6C95E38E",
        },
      },
      "Type": "AWS::EC2::Route",
    },
    "VpcPublicSubnet1RouteTable6C95E38E": {
      "Properties": {
        "Tags": [
          {
            "Key": "Name",
            "Value": "MyTestStack/Vpc/PublicSubnet1",
          },
        ],
        "VpcId": {
          "Ref": "Vpc8378EB38",
        },
      },
      "Type": "AWS::EC2::RouteTable",
    },
    "VpcPublicSubnet1RouteTableAssociation97140677": {
      "Properties": {
        "RouteTableId": {
          "Ref": "VpcPublicSubnet1RouteTable6C95E38E",
        },
        "SubnetId": {
          "Ref": "VpcPublicSubnet1Subnet5C2D37C4",
        },
      },
      "Type": "AWS::EC2::SubnetRouteTableAssociation",
    },
    "VpcPublicSubnet1Subnet5C2D37C4": {
      "Properties": {
        "AvailabilityZone": "dummy1a",
        "CidrBlock": "10.30.15.0/28",
        "MapPublicIpOnLaunch": true,
        "Tags": [
          {
            "Key": "aws-cdk:subnet-name",
            "Value": "Public",
          },
          {
            "Key": "aws-cdk:subnet-type",
            "Value": "Public",
          },
          {
            "Key": "Name",
            "Value": "MyTestStack/Vpc/PublicSubnet1",
          },
        ],
        "VpcId": {
          "Ref": "Vpc8378EB38",
        },
      },
      "Type": "AWS::EC2::Subnet",
    },
    "VpcVPCGWBF912B6E": {
      "Properties": {
        "InternetGatewayId": {
          "Ref": "VpcIGWD7BA715C",
        },
        "VpcId": {
          "Ref": "Vpc8378EB38",
        },
      },
      "Type": "AWS::EC2::VPCGatewayAttachment",
    },
  },
}
`;
